bash: npx: command not found
